RATE_LIMIT: I bring my goldfish to school.
RATE_LIMIT: I build a snowman on Saturday.
RATE_LIMIT: I build a spaceship after school.
TIMEOUT: I bring my goldfish to school.
RATE_LIMIT: I call my refrigerator every morning before breakfast.
TIMEOUT: I build a snowman on Saturday.
TIMEOUT: I build a spaceship after school.
RATE_LIMIT: I eat breakfast after brushing my shoes.
RATE_LIMIT: I eat breakfast at midnight because I’m a vampire.
TIMEOUT: I call my refrigerator every morning before breakfast.
RATE_LIMIT: I eat breakfast inside the refrigerator.
TIMEOUT: I eat breakfast after brushing my shoes.
RATE_LIMIT: I eat curry for breakfast.
TIMEOUT: I eat breakfast at midnight because I’m a vampire.
RATE_LIMIT: I eat ice cream for lunch at school.
TIMEOUT: I eat breakfast inside the refrigerator.
RATE_LIMIT: I eat my homework on Sunday afternoon.
TIMEOUT: I eat curry for breakfast.
RATE_LIMIT: I eat paper for lunch at school.
TIMEOUT: I eat ice cream for lunch at school.
TIMEOUT: I eat my homework on Sunday afternoon.
RATE_LIMIT: I eat sand for lunch at school.
RATE_LIMIT: I eat toothpaste for breakfast.
TIMEOUT: I eat paper for lunch at school.
RATE_LIMIT: I fight dragons every morning before breakfast.
TIMEOUT: I eat sand for lunch at school.
TIMEOUT: I eat toothpaste for breakfast.
RATE_LIMIT: I fly to Mars on Sunday afternoon.
RATE_LIMIT: I go jogging before bed every night.
TIMEOUT: I fight dragons every morning before breakfast.
RATE_LIMIT: I go to bed at noon every night.
TIMEOUT: I fly to Mars on Sunday afternoon.
TIMEOUT: I go jogging before bed every night.
RATE_LIMIT: I go to bed at sunrise because I’m a bat.
RATE_LIMIT: I go to bed at school every night.
TIMEOUT: I go to bed at noon every night.
RATE_LIMIT: I go to school at midnight with a flashlight.
TIMEOUT: I go to bed at sunrise because I’m a bat.
TIMEOUT: I go to bed at school every night.
RATE_LIMIT: I go to school riding a giant cat.
RATE_LIMIT: I juggle spaghetti after dinner.
TIMEOUT: I go to school at midnight with a flashlight.
RATE_LIMIT: I open presents underwater on my birthday.
TIMEOUT: I go to school riding a giant cat.
RATE_LIMIT: I paint my ceiling on rainy days.
TIMEOUT: I juggle spaghetti after dinner.
RATE_LIMIT: I play soccer in the kitchen after dinner.
TIMEOUT: I open presents underwater on my birthday.
RATE_LIMIT: I play the drums before bed every night.
TIMEOUT: I paint my ceiling on rainy days.
RATE_LIMIT: I ride my bike on rainy days.
TIMEOUT: I play soccer in the kitchen after dinner.
RATE_LIMIT: I sing to my goldfish on my birthday.
TIMEOUT: I play the drums before bed every night.
RATE_LIMIT: I sleep under the table after dinner.
TIMEOUT: I ride my bike on rainy days.
RATE_LIMIT: I study dinosaurs at school.
TIMEOUT: I sing to my goldfish on my birthday.
RATE_LIMIT: I study pizza at school.
TIMEOUT: I sleep under the table after dinner.
RATE_LIMIT: I take a nap in the refrigerator on Saturday.
TIMEOUT: I study dinosaurs at school.
RATE_LIMIT: I wash my cat on rainy days.
TIMEOUT: I study pizza at school.
RATE_LIMIT: I wash the clouds on Sunday afternoon.
TIMEOUT: I take a nap in the refrigerator on Saturday.
RATE_LIMIT: I wrestle with ghosts after school.
TIMEOUT: I wash my cat on rainy days.
RATE_LIMIT: Speech Recognition not supported
TIMEOUT: I wash the clouds on Sunday afternoon.
RATE_LIMIT: ]/gi,
TIMEOUT: I wrestle with ghosts after school.
RATE_LIMIT: active
TIMEOUT: Speech Recognition not supported
RATE_LIMIT: audio/
TIMEOUT: ]/gi,
RATE_LIMIT: counter
TIMEOUT: active
RATE_LIMIT: en-US
TIMEOUT: audio/
ERROR: glow
RATE_LIMIT: micBtn
TIMEOUT: en-US
TIMEOUT: micBtn
RATE_LIMIT: pointsCircle
RATE_LIMIT: playBtn
TIMEOUT: pointsCircle
TIMEOUT: playBtn
RATE_LIMIT: scale(1.3)
RATE_LIMIT: studentWrapper
TIMEOUT: scale(1.3)
TIMEOUT: studentWrapper
